SecondoSecondoSecondoSecondo